
  x Expected a template literal, string or identifier inside the JSXExpressionContainer.
  | Read more: https://nextjs.org/docs/messages/invalid-styled-jsx-children
   ,-[input.js:2:1]
 2 |       <div>
 3 | ,->     <style jsx>
 4 | |         {[]}
 5 | `->     </style>
 6 |       </div>
   `----
