  x Detected nested styled-jsx tag.
  | Read more: https://nextjs.org/docs/messages/nested-styled-jsx-tags
    ,-[input.js:22:1]
 21 |     
 22 | ,->             <style jsx>{`
 23 | |           .text:hover {
 24 | |             color: yellow !important;
 25 | |           }
 26 | `->       `}</style>
 27 |             </div>
    `----
